Archive member included to satisfy reference by file (symbol)

D:/STM_CMAKE/arm/bin/../lib/gcc/arm-none-eabi/15.2.1/../../../../arm-none-eabi/lib/thumb/v7e-m/nofp\libc_nano.a(libc_a-exit.o)
                              D:/STM_CMAKE/arm/bin/../lib/gcc/arm-none-eabi/15.2.1/../../../../arm-none-eabi/lib/thumb/v7e-m/nofp/crt0.o (exit)
D:/STM_CMAKE/arm/bin/../lib/gcc/arm-none-eabi/15.2.1/../../../../arm-none-eabi/lib/thumb/v7e-m/nofp\libc_nano.a(libc_a-findfp.o)
                              D:/STM_CMAKE/arm/bin/../lib/gcc/arm-none-eabi/15.2.1/../../../../arm-none-eabi/lib/thumb/v7e-m/nofp\libc_nano.a(libc_a-exit.o) (__stdio_exit_handler)
D:/STM_CMAKE/arm/bin/../lib/gcc/arm-none-eabi/15.2.1/../../../../arm-none-eabi/lib/thumb/v7e-m/nofp\libc_nano.a(libc_a-fwalk.o)
                              D:/STM_CMAKE/arm/bin/../lib/gcc/arm-none-eabi/15.2.1/../../../../arm-none-eabi/lib/thumb/v7e-m/nofp\libc_nano.a(libc_a-findfp.o) (_fwalk_sglue)
D:/STM_CMAKE/arm/bin/../lib/gcc/arm-none-eabi/15.2.1/../../../../arm-none-eabi/lib/thumb/v7e-m/nofp\libc_nano.a(libc_a-stdio.o)
                              D:/STM_CMAKE/arm/bin/../lib/gcc/arm-none-eabi/15.2.1/../../../../arm-none-eabi/lib/thumb/v7e-m/nofp\libc_nano.a(libc_a-findfp.o) (__sread)
D:/STM_CMAKE/arm/bin/../lib/gcc/arm-none-eabi/15.2.1/../../../../arm-none-eabi/lib/thumb/v7e-m/nofp\libc_nano.a(libc_a-memset.o)
                              D:/STM_CMAKE/arm/bin/../lib/gcc/arm-none-eabi/15.2.1/../../../../arm-none-eabi/lib/thumb/v7e-m/nofp/crt0.o (memset)
D:/STM_CMAKE/arm/bin/../lib/gcc/arm-none-eabi/15.2.1/../../../../arm-none-eabi/lib/thumb/v7e-m/nofp\libc_nano.a(libc_a-closer.o)
                              D:/STM_CMAKE/arm/bin/../lib/gcc/arm-none-eabi/15.2.1/../../../../arm-none-eabi/lib/thumb/v7e-m/nofp\libc_nano.a(libc_a-stdio.o) (_close_r)
D:/STM_CMAKE/arm/bin/../lib/gcc/arm-none-eabi/15.2.1/../../../../arm-none-eabi/lib/thumb/v7e-m/nofp\libc_nano.a(libc_a-reent.o)
                              D:/STM_CMAKE/arm/bin/../lib/gcc/arm-none-eabi/15.2.1/../../../../arm-none-eabi/lib/thumb/v7e-m/nofp\libc_nano.a(libc_a-closer.o) (errno)
D:/STM_CMAKE/arm/bin/../lib/gcc/arm-none-eabi/15.2.1/../../../../arm-none-eabi/lib/thumb/v7e-m/nofp\libc_nano.a(libc_a-impure.o)
                              D:/STM_CMAKE/arm/bin/../lib/gcc/arm-none-eabi/15.2.1/../../../../arm-none-eabi/lib/thumb/v7e-m/nofp\libc_nano.a(libc_a-reent.o) (_impure_ptr)
D:/STM_CMAKE/arm/bin/../lib/gcc/arm-none-eabi/15.2.1/../../../../arm-none-eabi/lib/thumb/v7e-m/nofp\libc_nano.a(libc_a-lseekr.o)
                              D:/STM_CMAKE/arm/bin/../lib/gcc/arm-none-eabi/15.2.1/../../../../arm-none-eabi/lib/thumb/v7e-m/nofp\libc_nano.a(libc_a-stdio.o) (_lseek_r)
D:/STM_CMAKE/arm/bin/../lib/gcc/arm-none-eabi/15.2.1/../../../../arm-none-eabi/lib/thumb/v7e-m/nofp\libc_nano.a(libc_a-readr.o)
                              D:/STM_CMAKE/arm/bin/../lib/gcc/arm-none-eabi/15.2.1/../../../../arm-none-eabi/lib/thumb/v7e-m/nofp\libc_nano.a(libc_a-stdio.o) (_read_r)
D:/STM_CMAKE/arm/bin/../lib/gcc/arm-none-eabi/15.2.1/../../../../arm-none-eabi/lib/thumb/v7e-m/nofp\libc_nano.a(libc_a-writer.o)
                              D:/STM_CMAKE/arm/bin/../lib/gcc/arm-none-eabi/15.2.1/../../../../arm-none-eabi/lib/thumb/v7e-m/nofp\libc_nano.a(libc_a-stdio.o) (_write_r)
D:/STM_CMAKE/arm/bin/../lib/gcc/arm-none-eabi/15.2.1/../../../../arm-none-eabi/lib/thumb/v7e-m/nofp\libc_nano.a(libc_a-init.o)
                              D:/STM_CMAKE/arm/bin/../lib/gcc/arm-none-eabi/15.2.1/../../../../arm-none-eabi/lib/thumb/v7e-m/nofp/crt0.o (__libc_init_array)
D:/STM_CMAKE/arm/bin/../lib/gcc/arm-none-eabi/15.2.1/../../../../arm-none-eabi/lib/thumb/v7e-m/nofp\libc_nano.a(libc_a-lock.o)
                              D:/STM_CMAKE/arm/bin/../lib/gcc/arm-none-eabi/15.2.1/../../../../arm-none-eabi/lib/thumb/v7e-m/nofp\libc_nano.a(libc_a-findfp.o) (__retarget_lock_init_recursive)
D:/STM_CMAKE/arm/bin/../lib/gcc/arm-none-eabi/15.2.1/../../../../arm-none-eabi/lib/thumb/v7e-m/nofp\libc_nano.a(libc_a-freer.o)
                              D:/STM_CMAKE/arm/bin/../lib/gcc/arm-none-eabi/15.2.1/../../../../arm-none-eabi/lib/thumb/v7e-m/nofp\libc_nano.a(libc_a-reent.o) (_free_r)
D:/STM_CMAKE/arm/bin/../lib/gcc/arm-none-eabi/15.2.1/../../../../arm-none-eabi/lib/thumb/v7e-m/nofp\libc_nano.a(libc_a-mallocr.o)
                              D:/STM_CMAKE/arm/bin/../lib/gcc/arm-none-eabi/15.2.1/../../../../arm-none-eabi/lib/thumb/v7e-m/nofp\libc_nano.a(libc_a-findfp.o) (_malloc_r)
D:/STM_CMAKE/arm/bin/../lib/gcc/arm-none-eabi/15.2.1/../../../../arm-none-eabi/lib/thumb/v7e-m/nofp\libc_nano.a(libc_a-mlock.o)
                              D:/STM_CMAKE/arm/bin/../lib/gcc/arm-none-eabi/15.2.1/../../../../arm-none-eabi/lib/thumb/v7e-m/nofp\libc_nano.a(libc_a-freer.o) (__malloc_lock)
D:/STM_CMAKE/arm/bin/../lib/gcc/arm-none-eabi/15.2.1/../../../../arm-none-eabi/lib/thumb/v7e-m/nofp\libc_nano.a(libc_a-fflush.o)
                              D:/STM_CMAKE/arm/bin/../lib/gcc/arm-none-eabi/15.2.1/../../../../arm-none-eabi/lib/thumb/v7e-m/nofp\libc_nano.a(libc_a-findfp.o) (_fflush_r)
D:/STM_CMAKE/arm/bin/../lib/gcc/arm-none-eabi/15.2.1/../../../../arm-none-eabi/lib/thumb/v7e-m/nofp\libc_nano.a(libc_a-sbrkr.o)
                              D:/STM_CMAKE/arm/bin/../lib/gcc/arm-none-eabi/15.2.1/../../../../arm-none-eabi/lib/thumb/v7e-m/nofp\libc_nano.a(libc_a-mallocr.o) (_sbrk_r)
D:/STM_CMAKE/arm/bin/../lib/gcc/arm-none-eabi/15.2.1/../../../../arm-none-eabi/lib/thumb/v7e-m/nofp\libg_nano.a(libc_a-errno.o)
                              CMakeFiles/test.dir/Sources/syscalls.c.obj (__errno)

Discarded input sections

 .text          0x00000000        0x0 D:/STM_CMAKE/arm/bin/../lib/gcc/arm-none-eabi/15.2.1/thumb/v7e-m/nofp/crti.o
 .data          0x00000000        0x0 D:/STM_CMAKE/arm/bin/../lib/gcc/arm-none-eabi/15.2.1/thumb/v7e-m/nofp/crti.o
 .bss           0x00000000        0x0 D:/STM_CMAKE/arm/bin/../lib/gcc/arm-none-eabi/15.2.1/thumb/v7e-m/nofp/crti.o
 .text          0x00000000        0x0 D:/STM_CMAKE/arm/bin/../lib/gcc/arm-none-eabi/15.2.1/thumb/v7e-m/nofp/crtbegin.o
 .data          0x00000000        0x0 D:/STM_CMAKE/arm/bin/../lib/gcc/arm-none-eabi/15.2.1/thumb/v7e-m/nofp/crtbegin.o
 .bss           0x00000000        0x0 D:/STM_CMAKE/arm/bin/../lib/gcc/arm-none-eabi/15.2.1/thumb/v7e-m/nofp/crtbegin.o
 .rodata.all_implied_fbits
                0x00000000       0x24 D:/STM_CMAKE/arm/bin/../lib/gcc/arm-none-eabi/15.2.1/thumb/v7e-m/nofp/crtbegin.o
 .data.__dso_handle
                0x00000000        0x4 D:/STM_CMAKE/arm/bin/../lib/gcc/arm-none-eabi/15.2.1/thumb/v7e-m/nofp/crtbegin.o
 .text          0x00000000       0x7c D:/STM_CMAKE/arm/bin/../lib/gcc/arm-none-eabi/15.2.1/../../../../arm-none-eabi/lib/thumb/v7e-m/nofp/crt0.o
 .data          0x00000000        0x0 D:/STM_CMAKE/arm/bin/../lib/gcc/arm-none-eabi/15.2.1/../../../../arm-none-eabi/lib/thumb/v7e-m/nofp/crt0.o
 .bss           0x00000000        0x0 D:/STM_CMAKE/arm/bin/../lib/gcc/arm-none-eabi/15.2.1/../../../../arm-none-eabi/lib/thumb/v7e-m/nofp/crt0.o
 .ARM.extab     0x00000000        0x0 D:/STM_CMAKE/arm/bin/../lib/gcc/arm-none-eabi/15.2.1/../../../../arm-none-eabi/lib/thumb/v7e-m/nofp/crt0.o
 .ARM.exidx     0x00000000       0x10 D:/STM_CMAKE/arm/bin/../lib/gcc/arm-none-eabi/15.2.1/../../../../arm-none-eabi/lib/thumb/v7e-m/nofp/crt0.o
 .debug_line_str
                0x00000000       0xd7 D:/STM_CMAKE/arm/bin/../lib/gcc/arm-none-eabi/15.2.1/../../../../arm-none-eabi/lib/thumb/v7e-m/nofp/crt0.o
 .ARM.attributes
                0x00000000       0x1c D:/STM_CMAKE/arm/bin/../lib/gcc/arm-none-eabi/15.2.1/../../../../arm-none-eabi/lib/thumb/v7e-m/nofp/crt0.o
 .text          0x00000000        0x0 D:/STM_CMAKE/arm/bin/../lib/gcc/arm-none-eabi/15.2.1/../../../../arm-none-eabi/lib/thumb/v7e-m/nofp\libc_nano.a(libc_a-exit.o)
 .data          0x00000000        0x0 D:/STM_CMAKE/arm/bin/../lib/gcc/arm-none-eabi/15.2.1/../../../../arm-none-eabi/lib/thumb/v7e-m/nofp\libc_nano.a(libc_a-exit.o)
 .bss           0x00000000        0x0 D:/STM_CMAKE/arm/bin/../lib/gcc/arm-none-eabi/15.2.1/../../../../arm-none-eabi/lib/thumb/v7e-m/nofp\libc_nano.a(libc_a-exit.o)
 .text.exit     0x00000000       0x24 D:/STM_CMAKE/arm/bin/../lib/gcc/arm-none-eabi/15.2.1/../../../../arm-none-eabi/lib/thumb/v7e-m/nofp\libc_nano.a(libc_a-exit.o)
 .debug_frame   0x00000000       0x28 D:/STM_CMAKE/arm/bin/../lib/gcc/arm-none-eabi/15.2.1/../../../../arm-none-eabi/lib/thumb/v7e-m/nofp\libc_nano.a(libc_a-exit.o)
 .ARM.attributes
                0x00000000       0x2e D:/STM_CMAKE/arm/bin/../lib/gcc/arm-none-eabi/15.2.1/../../../../arm-none-eabi/lib/thumb/v7e-m/nofp\libc_nano.a(libc_a-exit.o)
 .text          0x00000000        0x0 D:/STM_CMAKE/arm/bin/../lib/gcc/arm-none-eabi/15.2.1/../../../../arm-none-eabi/lib/thumb/v7e-m/nofp\libc_nano.a(libc_a-findfp.o)
 .data          0x00000000        0x0 D:/STM_CMAKE/arm/bin/../lib/gcc/arm-none-eabi/15.2.1/../../../../arm-none-eabi/lib/thumb/v7e-m/nofp\libc_nano.a(libc_a-findfp.o)
 .bss           0x00000000        0x0 D:/STM_CMAKE/arm/bin/../lib/gcc/arm-none-eabi/15.2.1/../../../../arm-none-eabi/lib/thumb/v7e-m/nofp\libc_nano.a(libc_a-findfp.o)
 .text.std      0x00000000       0x6c D:/STM_CMAKE/arm/bin/../lib/gcc/arm-none-eabi/15.2.1/../../../../arm-none-eabi/lib/thumb/v7e-m/nofp\libc_nano.a(libc_a-findfp.o)
 .text.stdio_exit_handler
                0x00000000       0x18 D:/STM_CMAKE/arm/bin/../lib/gcc/arm-none-eabi/15.2.1/../../../../arm-none-eabi/lib/thumb/v7e-m/nofp\libc_nano.a(libc_a-findfp.o)
 .text.cleanup_stdio
                0x00000000       0x40 D:/STM_CMAKE/arm/bin/../lib/gcc/arm-none-eabi/15.2.1/../../../../arm-none-eabi/lib/thumb/v7e-m/nofp\libc_nano.a(libc_a-findfp.o)
 .text.__fp_lock
                0x00000000       0x18 D:/STM_CMAKE/arm/bin/../lib/gcc/arm-none-eabi/15.2.1/../../../../arm-none-eabi/lib/thumb/v7e-m/nofp\libc_nano.a(libc_a-findfp.o)
 .text.__fp_unlock
                0x00000000       0x18 D:/STM_CMAKE/arm/bin/../lib/gcc/arm-none-eabi/15.2.1/../../../../arm-none-eabi/lib/thumb/v7e-m/nofp\libc_nano.a(libc_a-findfp.o)
 .text.global_stdio_init.part.0
                0x00000000       0x40 D:/STM_CMAKE/arm/bin/../lib/gcc/arm-none-eabi/15.2.1/../../../../arm-none-eabi/lib/thumb/v7e-m/nofp\libc_nano.a(libc_a-findfp.o)
 .text.__sfp_lock_acquire
                0x00000000        0xc D:/STM_CMAKE/arm/bin/../lib/gcc/arm-none-eabi/15.2.1/../../../../arm-none-eabi/lib/thumb/v7e-m/nofp\libc_nano.a(libc_a-findfp.o)
 .text.__sfp_lock_release
                0x00000000        0xc D:/STM_CMAKE/arm/bin/../lib/gcc/arm-none-eabi/15.2.1/../../../../arm-none-eabi/lib/thumb/v7e-m/nofp\libc_nano.a(libc_a-findfp.o)
 .text.__sfp    0x00000000       0xa4 D:/STM_CMAKE/arm/bin/../lib/gcc/arm-none-eabi/15.2.1/../../../../arm-none-eabi/lib/thumb/v7e-m/nofp\libc_nano.a(libc_a-findfp.o)
 .text.__sinit  0x00000000       0x30 D:/STM_CMAKE/arm/bin/../lib/gcc/arm-none-eabi/15.2.1/../../../../arm-none-eabi/lib/thumb/v7e-m/nofp\libc_nano.a(libc_a-findfp.o)
 .text.__fp_lock_all
                0x00000000       0x1c D:/STM_CMAKE/arm/bin/../lib/gcc/arm-none-eabi/15.2.1/../../../../arm-none-eabi/lib/thumb/v7e-m/nofp\libc_nano.a(libc_a-findfp.o)
 .text.__fp_unlock_all
                0x00000000       0x1c D:/STM_CMAKE/arm/bin/../lib/gcc/arm-none-eabi/15.2.1/../../../../arm-none-eabi/lib/thumb/v7e-m/nofp\libc_nano.a(libc_a-findfp.o)
 .data.__sglue  0x00000000        0xc D:/STM_CMAKE/arm/bin/../lib/gcc/arm-none-eabi/15.2.1/../../../../arm-none-eabi/lib/thumb/v7e-m/nofp\libc_nano.a(libc_a-findfp.o)
 .bss.__sf      0x00000000      0x138 D:/STM_CMAKE/arm/bin/../lib/gcc/arm-none-eabi/15.2.1/../../../../arm-none-eabi/lib/thumb/v7e-m/nofp\libc_nano.a(libc_a-findfp.o)
 .bss.__stdio_exit_handler
                0x00000000        0x4 D:/STM_CMAKE/arm/bin/../lib/gcc/arm-none-eabi/15.2.1/../../../../arm-none-eabi/lib/thumb/v7e-m/nofp\libc_nano.a(libc_a-findfp.o)
 .debug_frame   0x00000000      0x144 D:/STM_CMAKE/arm/bin/../lib/gcc/arm-none-eabi/15.2.1/../../../../arm-none-eabi/lib/thumb/v7e-m/nofp\libc_nano.a(libc_a-findfp.o)
 .ARM.attributes
                0x00000000       0x2e D:/STM_CMAKE/arm/bin/../lib/gcc/arm-none-eabi/15.2.1/../../../../arm-none-eabi/lib/thumb/v7e-m/nofp\libc_nano.a(libc_a-findfp.o)
 .text          0x00000000        0x0 D:/STM_CMAKE/arm/bin/../lib/gcc/arm-none-eabi/15.2.1/../../../../arm-none-eabi/lib/thumb/v7e-m/nofp\libc_nano.a(libc_a-fwalk.o)
 .data          0x00000000        0x0 D:/STM_CMAKE/arm/bin/../lib/gcc/arm-none-eabi/15.2.1/../../../../arm-none-eabi/lib/thumb/v7e-m/nofp\libc_nano.a(libc_a-fwalk.o)
 .bss           0x00000000        0x0 D:/STM_CMAKE/arm/bin/../lib/gcc/arm-none-eabi/15.2.1/../../../../arm-none-eabi/lib/thumb/v7e-m/nofp\libc_nano.a(libc_a-fwalk.o)
 .text._fwalk_sglue
                0x00000000       0x3a D:/STM_CMAKE/arm/bin/../lib/gcc/arm-none-eabi/15.2.1/../../../../arm-none-eabi/lib/thumb/v7e-m/nofp\libc_nano.a(libc_a-fwalk.o)
 .debug_frame   0x00000000       0x34 D:/STM_CMAKE/arm/bin/../lib/gcc/arm-none-eabi/15.2.1/../../../../arm-none-eabi/lib/thumb/v7e-m/nofp\libc_nano.a(libc_a-fwalk.o)
 .ARM.attributes
                0x00000000       0x2e D:/STM_CMAKE/arm/bin/../lib/gcc/arm-none-eabi/15.2.1/../../../../arm-none-eabi/lib/thumb/v7e-m/nofp\libc_nano.a(libc_a-fwalk.o)
 .text          0x00000000        0x0 D:/STM_CMAKE/arm/bin/../lib/gcc/arm-none-eabi/15.2.1/../../../../arm-none-eabi/lib/thumb/v7e-m/nofp\libc_nano.a(libc_a-stdio.o)
 .data          0x00000000        0x0 D:/STM_CMAKE/arm/bin/../lib/gcc/arm-none-eabi/15.2.1/../../../../arm-none-eabi/lib/thumb/v7e-m/nofp\libc_nano.a(libc_a-stdio.o)
 .bss           0x00000000        0x0 D:/STM_CMAKE/arm/bin/../lib/gcc/arm-none-eabi/15.2.1/../../../../arm-none-eabi/lib/thumb/v7e-m/nofp\libc_nano.a(libc_a-stdio.o)
 .text.__sread  0x00000000       0x22 D:/STM_CMAKE/arm/bin/../lib/gcc/arm-none-eabi/15.2.1/../../../../arm-none-eabi/lib/thumb/v7e-m/nofp\libc_nano.a(libc_a-stdio.o)
 .text.__seofread
                0x00000000        0x4 D:/STM_CMAKE/arm/bin/../lib/gcc/arm-none-eabi/15.2.1/../../../../arm-none-eabi/lib/thumb/v7e-m/nofp\libc_nano.a(libc_a-stdio.o)
 .text.__swrite
                0x00000000       0x38 D:/STM_CMAKE/arm/bin/../lib/gcc/arm-none-eabi/15.2.1/../../../../arm-none-eabi/lib/thumb/v7e-m/nofp\libc_nano.a(libc_a-stdio.o)
 .text.__sseek  0x00000000       0x26 D:/STM_CMAKE/arm/bin/../lib/gcc/arm-none-eabi/15.2.1/../../../../arm-none-eabi/lib/thumb/v7e-m/nofp\libc_nano.a(libc_a-stdio.o)
 .text.__sclose
                0x00000000        0x8 D:/STM_CMAKE/arm/bin/../lib/gcc/arm-none-eabi/15.2.1/../../../../arm-none-eabi/lib/thumb/v7e-m/nofp\libc_nano.a(libc_a-stdio.o)
 .debug_frame   0x00000000       0x88 D:/STM_CMAKE/arm/bin/../lib/gcc/arm-none-eabi/15.2.1/../../../../arm-none-eabi/lib/thumb/v7e-m/nofp\libc_nano.a(libc_a-stdio.o)
 .ARM.attributes
                0x00000000       0x2e D:/STM_CMAKE/arm/bin/../lib/gcc/arm-none-eabi/15.2.1/../../../../arm-none-eabi/lib/thumb/v7e-m/nofp\libc_nano.a(libc_a-stdio.o)
 .text          0x00000000        0x0 D:/STM_CMAKE/arm/bin/../lib/gcc/arm-none-eabi/15.2.1/../../../../arm-none-eabi/lib/thumb/v7e-m/nofp\libc_nano.a(libc_a-memset.o)
 .data          0x00000000        0x0 D:/STM_CMAKE/arm/bin/../lib/gcc/arm-none-eabi/15.2.1/../../../../arm-none-eabi/lib/thumb/v7e-m/nofp\libc_nano.a(libc_a-memset.o)
 .bss           0x00000000        0x0 D:/STM_CMAKE/arm/bin/../lib/gcc/arm-none-eabi/15.2.1/../../../../arm-none-eabi/lib/thumb/v7e-m/nofp\libc_nano.a(libc_a-memset.o)
 .text.memset   0x00000000       0x10 D:/STM_CMAKE/arm/bin/../lib/gcc/arm-none-eabi/15.2.1/../../../../arm-none-eabi/lib/thumb/v7e-m/nofp\libc_nano.a(libc_a-memset.o)
 .debug_frame   0x00000000       0x20 D:/STM_CMAKE/arm/bin/../lib/gcc/arm-none-eabi/15.2.1/../../../../arm-none-eabi/lib/thumb/v7e-m/nofp\libc_nano.a(libc_a-memset.o)
 .ARM.attributes
                0x00000000       0x2e D:/STM_CMAKE/arm/bin/../lib/gcc/arm-none-eabi/15.2.1/../../../../arm-none-eabi/lib/thumb/v7e-m/nofp\libc_nano.a(libc_a-memset.o)
 .text          0x00000000        0x0 D:/STM_CMAKE/arm/bin/../lib/gcc/arm-none-eabi/15.2.1/../../../../arm-none-eabi/lib/thumb/v7e-m/nofp\libc_nano.a(libc_a-closer.o)
 .data          0x00000000        0x0 D:/STM_CMAKE/arm/bin/../lib/gcc/arm-none-eabi/15.2.1/../../../../arm-none-eabi/lib/thumb/v7e-m/nofp\libc_nano.a(libc_a-closer.o)
 .bss           0x00000000        0x0 D:/STM_CMAKE/arm/bin/../lib/gcc/arm-none-eabi/15.2.1/../../../../arm-none-eabi/lib/thumb/v7e-m/nofp\libc_nano.a(libc_a-closer.o)
 .text._close_r
                0x00000000       0x20 D:/STM_CMAKE/arm/bin/../lib/gcc/arm-none-eabi/15.2.1/../../../../arm-none-eabi/lib/thumb/v7e-m/nofp\libc_nano.a(libc_a-closer.o)
 .debug_frame   0x00000000       0x2c D:/STM_CMAKE/arm/bin/../lib/gcc/arm-none-eabi/15.2.1/../../../../arm-none-eabi/lib/thumb/v7e-m/nofp\libc_nano.a(libc_a-closer.o)
 .ARM.attributes
                0x00000000       0x2e D:/STM_CMAKE/arm/bin/../lib/gcc/arm-none-eabi/15.2.1/../../../../arm-none-eabi/lib/thumb/v7e-m/nofp\libc_nano.a(libc_a-closer.o)
 .text          0x00000000        0x0 D:/STM_CMAKE/arm/bin/../lib/gcc/arm-none-eabi/15.2.1/../../../../arm-none-eabi/lib/thumb/v7e-m/nofp\libc_nano.a(libc_a-reent.o)
 .data          0x00000000        0x0 D:/STM_CMAKE/arm/bin/../lib/gcc/arm-none-eabi/15.2.1/../../../../arm-none-eabi/lib/thumb/v7e-m/nofp\libc_nano.a(libc_a-reent.o)
 .bss           0x00000000        0x0 D:/STM_CMAKE/arm/bin/../lib/gcc/arm-none-eabi/15.2.1/../../../../arm-none-eabi/lib/thumb/v7e-m/nofp\libc_nano.a(libc_a-reent.o)
 .text._reclaim_reent
                0x00000000       0xbc D:/STM_CMAKE/arm/bin/../lib/gcc/arm-none-eabi/15.2.1/../../../../arm-none-eabi/lib/thumb/v7e-m/nofp\libc_nano.a(libc_a-reent.o)
 .bss.errno     0x00000000        0x4 D:/STM_CMAKE/arm/bin/../lib/gcc/arm-none-eabi/15.2.1/../../../../arm-none-eabi/lib/thumb/v7e-m/nofp\libc_nano.a(libc_a-reent.o)
 .debug_frame   0x00000000       0x38 D:/STM_CMAKE/arm/bin/../lib/gcc/arm-none-eabi/15.2.1/../../../../arm-none-eabi/lib/thumb/v7e-m/nofp\libc_nano.a(libc_a-reent.o)
 .ARM.attributes
                0x00000000       0x2e D:/STM_CMAKE/arm/bin/../lib/gcc/arm-none-eabi/15.2.1/../../../../arm-none-eabi/lib/thumb/v7e-m/nofp\libc_nano.a(libc_a-reent.o)
 .text          0x00000000        0x0 D:/STM_CMAKE/arm/bin/../lib/gcc/arm-none-eabi/15.2.1/../../../../arm-none-eabi/lib/thumb/v7e-m/nofp\libc_nano.a(libc_a-impure.o)
 .data          0x00000000        0x0 D:/STM_CMAKE/arm/bin/../lib/gcc/arm-none-eabi/15.2.1/../../../../arm-none-eabi/lib/thumb/v7e-m/nofp\libc_nano.a(libc_a-impure.o)
 .bss           0x00000000        0x0 D:/STM_CMAKE/arm/bin/../lib/gcc/arm-none-eabi/15.2.1/../../../../arm-none-eabi/lib/thumb/v7e-m/nofp\libc_nano.a(libc_a-impure.o)
 .data._impure_ptr
                0x00000000        0x4 D:/STM_CMAKE/arm/bin/../lib/gcc/arm-none-eabi/15.2.1/../../../../arm-none-eabi/lib/thumb/v7e-m/nofp\libc_nano.a(libc_a-impure.o)
 .data._impure_data
                0x00000000       0x4c D:/STM_CMAKE/arm/bin/../lib/gcc/arm-none-eabi/15.2.1/../../../../arm-none-eabi/lib/thumb/v7e-m/nofp\libc_nano.a(libc_a-impure.o)
 .ARM.attributes
                0x00000000       0x2e D:/STM_CMAKE/arm/bin/../lib/gcc/arm-none-eabi/15.2.1/../../../../arm-none-eabi/lib/thumb/v7e-m/nofp\libc_nano.a(libc_a-impure.o)
 .text          0x00000000        0x0 D:/STM_CMAKE/arm/bin/../lib/gcc/arm-none-eabi/15.2.1/../../../../arm-none-eabi/lib/thumb/v7e-m/nofp\libc_nano.a(libc_a-lseekr.o)
 .data          0x00000000        0x0 D:/STM_CMAKE/arm/bin/../lib/gcc/arm-none-eabi/15.2.1/../../../../arm-none-eabi/lib/thumb/v7e-m/nofp\libc_nano.a(libc_a-lseekr.o)
 .bss           0x00000000        0x0 D:/STM_CMAKE/arm/bin/../lib/gcc/arm-none-eabi/15.2.1/../../../../arm-none-eabi/lib/thumb/v7e-m/nofp\libc_nano.a(libc_a-lseekr.o)
 .text._lseek_r
                0x00000000       0x24 D:/STM_CMAKE/arm/bin/../lib/gcc/arm-none-eabi/15.2.1/../../../../arm-none-eabi/lib/thumb/v7e-m/nofp\libc_nano.a(libc_a-lseekr.o)
 .debug_frame   0x00000000       0x2c D:/STM_CMAKE/arm/bin/../lib/gcc/arm-none-eabi/15.2.1/../../../../arm-none-eabi/lib/thumb/v7e-m/nofp\libc_nano.a(libc_a-lseekr.o)
 .ARM.attributes
                0x00000000       0x2e D:/STM_CMAKE/arm/bin/../lib/gcc/arm-none-eabi/15.2.1/../../../../arm-none-eabi/lib/thumb/v7e-m/nofp\libc_nano.a(libc_a-lseekr.o)
 .text          0x00000000        0x0 D:/STM_CMAKE/arm/bin/../lib/gcc/arm-none-eabi/15.2.1/../../../../arm-none-eabi/lib/thumb/v7e-m/nofp\libc_nano.a(libc_a-readr.o)
 .data          0x00000000        0x0 D:/STM_CMAKE/arm/bin/../lib/gcc/arm-none-eabi/15.2.1/../../../../arm-none-eabi/lib/thumb/v7e-m/nofp\libc_nano.a(libc_a-readr.o)
 .bss           0x00000000        0x0 D:/STM_CMAKE/arm/bin/../lib/gcc/arm-none-eabi/15.2.1/../../../../arm-none-eabi/lib/thumb/v7e-m/nofp\libc_nano.a(libc_a-readr.o)
 .text._read_r  0x00000000       0x24 D:/STM_CMAKE/arm/bin/../lib/gcc/arm-none-eabi/15.2.1/../../../../arm-none-eabi/lib/thumb/v7e-m/nofp\libc_nano.a(libc_a-readr.o)
 .debug_frame   0x00000000       0x2c D:/STM_CMAKE/arm/bin/../lib/gcc/arm-none-eabi/15.2.1/../../../../arm-none-eabi/lib/thumb/v7e-m/nofp\libc_nano.a(libc_a-readr.o)
 .ARM.attributes
                0x00000000       0x2e D:/STM_CMAKE/arm/bin/../lib/gcc/arm-none-eabi/15.2.1/../../../../arm-none-eabi/lib/thumb/v7e-m/nofp\libc_nano.a(libc_a-readr.o)
 .text          0x00000000        0x0 D:/STM_CMAKE/arm/bin/../lib/gcc/arm-none-eabi/15.2.1/../../../../arm-none-eabi/lib/thumb/v7e-m/nofp\libc_nano.a(libc_a-writer.o)
 .data          0x00000000        0x0 D:/STM_CMAKE/arm/bin/../lib/gcc/arm-none-eabi/15.2.1/../../../../arm-none-eabi/lib/thumb/v7e-m/nofp\libc_nano.a(libc_a-writer.o)
 .bss           0x00000000        0x0 D:/STM_CMAKE/arm/bin/../lib/gcc/arm-none-eabi/15.2.1/../../../../arm-none-eabi/lib/thumb/v7e-m/nofp\libc_nano.a(libc_a-writer.o)
 .text._write_r
                0x00000000       0x24 D:/STM_CMAKE/arm/bin/../lib/gcc/arm-none-eabi/15.2.1/../../../../arm-none-eabi/lib/thumb/v7e-m/nofp\libc_nano.a(libc_a-writer.o)
 .debug_frame   0x00000000       0x2c D:/STM_CMAKE/arm/bin/../lib/gcc/arm-none-eabi/15.2.1/../../../../arm-none-eabi/lib/thumb/v7e-m/nofp\libc_nano.a(libc_a-writer.o)
 .ARM.attributes
                0x00000000       0x2e D:/STM_CMAKE/arm/bin/../lib/gcc/arm-none-eabi/15.2.1/../../../../arm-none-eabi/lib/thumb/v7e-m/nofp\libc_nano.a(libc_a-writer.o)
 .text          0x00000000        0x0 D:/STM_CMAKE/arm/bin/../lib/gcc/arm-none-eabi/15.2.1/../../../../arm-none-eabi/lib/thumb/v7e-m/nofp\libc_nano.a(libc_a-init.o)
 .data          0x00000000        0x0 D:/STM_CMAKE/arm/bin/../lib/gcc/arm-none-eabi/15.2.1/../../../../arm-none-eabi/lib/thumb/v7e-m/nofp\libc_nano.a(libc_a-init.o)
 .bss           0x00000000        0x0 D:/STM_CMAKE/arm/bin/../lib/gcc/arm-none-eabi/15.2.1/../../../../arm-none-eabi/lib/thumb/v7e-m/nofp\libc_nano.a(libc_a-init.o)
 .text          0x00000000        0x0 D:/STM_CMAKE/arm/bin/../lib/gcc/arm-none-eabi/15.2.1/../../../../arm-none-eabi/lib/thumb/v7e-m/nofp\libc_nano.a(libc_a-lock.o)
 .data          0x00000000        0x0 D:/STM_CMAKE/arm/bin/../lib/gcc/arm-none-eabi/15.2.1/../../../../arm-none-eabi/lib/thumb/v7e-m/nofp\libc_nano.a(libc_a-lock.o)
 .bss           0x00000000        0x0 D:/STM_CMAKE/arm/bin/../lib/gcc/arm-none-eabi/15.2.1/../../../../arm-none-eabi/lib/thumb/v7e-m/nofp\libc_nano.a(libc_a-lock.o)
 .text.__retarget_lock_init
                0x00000000        0x2 D:/STM_CMAKE/arm/bin/../lib/gcc/arm-none-eabi/15.2.1/../../../../arm-none-eabi/lib/thumb/v7e-m/nofp\libc_nano.a(libc_a-lock.o)
 .text.__retarget_lock_init_recursive
                0x00000000        0x2 D:/STM_CMAKE/arm/bin/../lib/gcc/arm-none-eabi/15.2.1/../../../../arm-none-eabi/lib/thumb/v7e-m/nofp\libc_nano.a(libc_a-lock.o)
 .text.__retarget_lock_close
                0x00000000        0x2 D:/STM_CMAKE/arm/bin/../lib/gcc/arm-none-eabi/15.2.1/../../../../arm-none-eabi/lib/thumb/v7e-m/nofp\libc_nano.a(libc_a-lock.o)
 .text.__retarget_lock_close_recursive
                0x00000000        0x2 D:/STM_CMAKE/arm/bin/../lib/gcc/arm-none-eabi/15.2.1/../../../../arm-none-eabi/lib/thumb/v7e-m/nofp\libc_nano.a(libc_a-lock.o)
 .text.__retarget_lock_acquire
                0x00000000        0x2 D:/STM_CMAKE/arm/bin/../lib/gcc/arm-none-eabi/15.2.1/../../../../arm-none-eabi/lib/thumb/v7e-m/nofp\libc_nano.a(libc_a-lock.o)
 .text.__retarget_lock_acquire_recursive
                0x00000000        0x2 D:/STM_CMAKE/arm/bin/../lib/gcc/arm-none-eabi/15.2.1/../../../../arm-none-eabi/lib/thumb/v7e-m/nofp\libc_nano.a(libc_a-lock.o)
 .text.__retarget_lock_try_acquire
                0x00000000        0x4 D:/STM_CMAKE/arm/bin/../lib/gcc/arm-none-eabi/15.2.1/../../../../arm-none-eabi/lib/thumb/v7e-m/nofp\libc_nano.a(libc_a-lock.o)
 .text.__retarget_lock_try_acquire_recursive
                0x00000000        0x4 D:/STM_CMAKE/arm/bin/../lib/gcc/arm-none-eabi/15.2.1/../../../../arm-none-eabi/lib/thumb/v7e-m/nofp\libc_nano.a(libc_a-lock.o)
 .text.__retarget_lock_release
                0x00000000        0x2 D:/STM_CMAKE/arm/bin/../lib/gcc/arm-none-eabi/15.2.1/../../../../arm-none-eabi/lib/thumb/v7e-m/nofp\libc_nano.a(libc_a-lock.o)
 .text.__retarget_lock_release_recursive
                0x00000000        0x2 D:/STM_CMAKE/arm/bin/../lib/gcc/arm-none-eabi/15.2.1/../../../../arm-none-eabi/lib/thumb/v7e-m/nofp\libc_nano.a(libc_a-lock.o)
 .bss.__lock___arc4random_mutex
                0x00000000        0x1 D:/STM_CMAKE/arm/bin/../lib/gcc/arm-none-eabi/15.2.1/../../../../arm-none-eabi/lib/thumb/v7e-m/nofp\libc_nano.a(libc_a-lock.o)
 .bss.__lock___dd_hash_mutex
                0x00000000        0x1 D:/STM_CMAKE/arm/bin/../lib/gcc/arm-none-eabi/15.2.1/../../../../arm-none-eabi/lib/thumb/v7e-m/nofp\libc_nano.a(libc_a-lock.o)
 .bss.__lock___tz_mutex
                0x00000000        0x1 D:/STM_CMAKE/arm/bin/../lib/gcc/arm-none-eabi/15.2.1/../../../../arm-none-eabi/lib/thumb/v7e-m/nofp\libc_nano.a(libc_a-lock.o)
 .bss.__lock___env_recursive_mutex
                0x00000000        0x1 D:/STM_CMAKE/arm/bin/../lib/gcc/arm-none-eabi/15.2.1/../../../../arm-none-eabi/lib/thumb/v7e-m/nofp\libc_nano.a(libc_a-lock.o)
 .bss.__lock___malloc_recursive_mutex
                0x00000000        0x1 D:/STM_CMAKE/arm/bin/../lib/gcc/arm-none-eabi/15.2.1/../../../../arm-none-eabi/lib/thumb/v7e-m/nofp\libc_nano.a(libc_a-lock.o)
 .bss.__lock___at_quick_exit_mutex
                0x00000000        0x1 D:/STM_CMAKE/arm/bin/../lib/gcc/arm-none-eabi/15.2.1/../../../../arm-none-eabi/lib/thumb/v7e-m/nofp\libc_nano.a(libc_a-lock.o)
 .bss.__lock___atexit_recursive_mutex
                0x00000000        0x1 D:/STM_CMAKE/arm/bin/../lib/gcc/arm-none-eabi/15.2.1/../../../../arm-none-eabi/lib/thumb/v7e-m/nofp\libc_nano.a(libc_a-lock.o)
 .bss.__lock___sfp_recursive_mutex
                0x00000000        0x1 D:/STM_CMAKE/arm/bin/../lib/gcc/arm-none-eabi/15.2.1/../../../../arm-none-eabi/lib/thumb/v7e-m/nofp\libc_nano.a(libc_a-lock.o)
 .debug_frame   0x00000000       0xb0 D:/STM_CMAKE/arm/bin/../lib/gcc/arm-none-eabi/15.2.1/../../../../arm-none-eabi/lib/thumb/v7e-m/nofp\libc_nano.a(libc_a-lock.o)
 .ARM.attributes
                0x00000000       0x2e D:/STM_CMAKE/arm/bin/../lib/gcc/arm-none-eabi/15.2.1/../../../../arm-none-eabi/lib/thumb/v7e-m/nofp\libc_nano.a(libc_a-lock.o)
 .text          0x00000000        0x0 D:/STM_CMAKE/arm/bin/../lib/gcc/arm-none-eabi/15.2.1/../../../../arm-none-eabi/lib/thumb/v7e-m/nofp\libc_nano.a(libc_a-freer.o)
 .data          0x00000000        0x0 D:/STM_CMAKE/arm/bin/../lib/gcc/arm-none-eabi/15.2.1/../../../../arm-none-eabi/lib/thumb/v7e-m/nofp\libc_nano.a(libc_a-freer.o)
 .bss           0x00000000        0x0 D:/STM_CMAKE/arm/bin/../lib/gcc/arm-none-eabi/15.2.1/../../../../arm-none-eabi/lib/thumb/v7e-m/nofp\libc_nano.a(libc_a-freer.o)
 .text._free_r  0x00000000       0x98 D:/STM_CMAKE/arm/bin/../lib/gcc/arm-none-eabi/15.2.1/../../../../arm-none-eabi/lib/thumb/v7e-m/nofp\libc_nano.a(libc_a-freer.o)
 .debug_frame   0x00000000       0x38 D:/STM_CMAKE/arm/bin/../lib/gcc/arm-none-eabi/15.2.1/../../../../arm-none-eabi/lib/thumb/v7e-m/nofp\libc_nano.a(libc_a-freer.o)
 .ARM.attributes
                0x00000000       0x2e D:/STM_CMAKE/arm/bin/../lib/gcc/arm-none-eabi/15.2.1/../../../../arm-none-eabi/lib/thumb/v7e-m/nofp\libc_nano.a(libc_a-freer.o)
 .text          0x00000000        0x0 D:/STM_CMAKE/arm/bin/../lib/gcc/arm-none-eabi/15.2.1/../../../../arm-none-eabi/lib/thumb/v7e-m/nofp\libc_nano.a(libc_a-mallocr.o)
 .data          0x00000000        0x0 D:/STM_CMAKE/arm/bin/../lib/gcc/arm-none-eabi/15.2.1/../../../../arm-none-eabi/lib/thumb/v7e-m/nofp\libc_nano.a(libc_a-mallocr.o)
 .bss           0x00000000        0x0 D:/STM_CMAKE/arm/bin/../lib/gcc/arm-none-eabi/15.2.1/../../../../arm-none-eabi/lib/thumb/v7e-m/nofp\libc_nano.a(libc_a-mallocr.o)
 .text.sbrk_aligned
                0x00000000       0x44 D:/STM_CMAKE/arm/bin/../lib/gcc/arm-none-eabi/15.2.1/../../../../arm-none-eabi/lib/thumb/v7e-m/nofp\libc_nano.a(libc_a-mallocr.o)
 .text._malloc_r
                0x00000000       0xf8 D:/STM_CMAKE/arm/bin/../lib/gcc/arm-none-eabi/15.2.1/../../../../arm-none-eabi/lib/thumb/v7e-m/nofp\libc_nano.a(libc_a-mallocr.o)
 .bss.__malloc_sbrk_start
                0x00000000        0x4 D:/STM_CMAKE/arm/bin/../lib/gcc/arm-none-eabi/15.2.1/../../../../arm-none-eabi/lib/thumb/v7e-m/nofp\libc_nano.a(libc_a-mallocr.o)
 .bss.__malloc_free_list
                0x00000000        0x4 D:/STM_CMAKE/arm/bin/../lib/gcc/arm-none-eabi/15.2.1/../../../../arm-none-eabi/lib/thumb/v7e-m/nofp\libc_nano.a(libc_a-mallocr.o)
 .debug_frame   0x00000000       0x50 D:/STM_CMAKE/arm/bin/../lib/gcc/arm-none-eabi/15.2.1/../../../../arm-none-eabi/lib/thumb/v7e-m/nofp\libc_nano.a(libc_a-mallocr.o)
 .ARM.attributes
                0x00000000       0x2e D:/STM_CMAKE/arm/bin/../lib/gcc/arm-none-eabi/15.2.1/../../../../arm-none-eabi/lib/thumb/v7e-m/nofp\libc_nano.a(libc_a-mallocr.o)
 .text          0x00000000        0x0 D:/STM_CMAKE/arm/bin/../lib/gcc/arm-none-eabi/15.2.1/../../../../arm-none-eabi/lib/thumb/v7e-m/nofp\libc_nano.a(libc_a-mlock.o)
 .data          0x00000000        0x0 D:/STM_CMAKE/arm/bin/../lib/gcc/arm-none-eabi/15.2.1/../../../../arm-none-eabi/lib/thumb/v7e-m/nofp\libc_nano.a(libc_a-mlock.o)
 .bss           0x00000000        0x0 D:/STM_CMAKE/arm/bin/../lib/gcc/arm-none-eabi/15.2.1/../../../../arm-none-eabi/lib/thumb/v7e-m/nofp\libc_nano.a(libc_a-mlock.o)
 .text.__malloc_lock
                0x00000000        0xc D:/STM_CMAKE/arm/bin/../lib/gcc/arm-none-eabi/15.2.1/../../../../arm-none-eabi/lib/thumb/v7e-m/nofp\libc_nano.a(libc_a-mlock.o)
 .text.__malloc_unlock
                0x00000000        0xc D:/STM_CMAKE/arm/bin/../lib/gcc/arm-none-eabi/15.2.1/../../../../arm-none-eabi/lib/thumb/v7e-m/nofp\libc_nano.a(libc_a-mlock.o)
 .debug_frame   0x00000000       0x30 D:/STM_CMAKE/arm/bin/../lib/gcc/arm-none-eabi/15.2.1/../../../../arm-none-eabi/lib/thumb/v7e-m/nofp\libc_nano.a(libc_a-mlock.o)
 .ARM.attributes
                0x00000000       0x2e D:/STM_CMAKE/arm/bin/../lib/gcc/arm-none-eabi/15.2.1/../../../../arm-none-eabi/lib/thumb/v7e-m/nofp\libc_nano.a(libc_a-mlock.o)
 .text          0x00000000        0x0 D:/STM_CMAKE/arm/bin/../lib/gcc/arm-none-eabi/15.2.1/../../../../arm-none-eabi/lib/thumb/v7e-m/nofp\libc_nano.a(libc_a-fflush.o)
 .data          0x00000000        0x0 D:/STM_CMAKE/arm/bin/../lib/gcc/arm-none-eabi/15.2.1/../../../../arm-none-eabi/lib/thumb/v7e-m/nofp\libc_nano.a(libc_a-fflush.o)
 .bss           0x00000000        0x0 D:/STM_CMAKE/arm/bin/../lib/gcc/arm-none-eabi/15.2.1/../../../../arm-none-eabi/lib/thumb/v7e-m/nofp\libc_nano.a(libc_a-fflush.o)
 .text.__sflush_r
                0x00000000       0xf8 D:/STM_CMAKE/arm/bin/../lib/gcc/arm-none-eabi/15.2.1/../../../../arm-none-eabi/lib/thumb/v7e-m/nofp\libc_nano.a(libc_a-fflush.o)
 .text._fflush_r
                0x00000000       0x50 D:/STM_CMAKE/arm/bin/../lib/gcc/arm-none-eabi/15.2.1/../../../../arm-none-eabi/lib/thumb/v7e-m/nofp\libc_nano.a(libc_a-fflush.o)
 .text.fflush   0x00000000       0x28 D:/STM_CMAKE/arm/bin/../lib/gcc/arm-none-eabi/15.2.1/../../../../arm-none-eabi/lib/thumb/v7e-m/nofp\libc_nano.a(libc_a-fflush.o)
 .debug_frame   0x00000000       0x5c D:/STM_CMAKE/arm/bin/../lib/gcc/arm-none-eabi/15.2.1/../../../../arm-none-eabi/lib/thumb/v7e-m/nofp\libc_nano.a(libc_a-fflush.o)
 .ARM.attributes
                0x00000000       0x2e D:/STM_CMAKE/arm/bin/../lib/gcc/arm-none-eabi/15.2.1/../../../../arm-none-eabi/lib/thumb/v7e-m/nofp\libc_nano.a(libc_a-fflush.o)
 .text          0x00000000        0x0 D:/STM_CMAKE/arm/bin/../lib/gcc/arm-none-eabi/15.2.1/../../../../arm-none-eabi/lib/thumb/v7e-m/nofp\libc_nano.a(libc_a-sbrkr.o)
 .data          0x00000000        0x0 D:/STM_CMAKE/arm/bin/../lib/gcc/arm-none-eabi/15.2.1/../../../../arm-none-eabi/lib/thumb/v7e-m/nofp\libc_nano.a(libc_a-sbrkr.o)
 .bss           0x00000000        0x0 D:/STM_CMAKE/arm/bin/../lib/gcc/arm-none-eabi/15.2.1/../../../../arm-none-eabi/lib/thumb/v7e-m/nofp\libc_nano.a(libc_a-sbrkr.o)
 .text._sbrk_r  0x00000000       0x20 D:/STM_CMAKE/arm/bin/../lib/gcc/arm-none-eabi/15.2.1/../../../../arm-none-eabi/lib/thumb/v7e-m/nofp\libc_nano.a(libc_a-sbrkr.o)
 .debug_frame   0x00000000       0x2c D:/STM_CMAKE/arm/bin/../lib/gcc/arm-none-eabi/15.2.1/../../../../arm-none-eabi/lib/thumb/v7e-m/nofp\libc_nano.a(libc_a-sbrkr.o)
 .ARM.attributes
                0x00000000       0x2e D:/STM_CMAKE/arm/bin/../lib/gcc/arm-none-eabi/15.2.1/../../../../arm-none-eabi/lib/thumb/v7e-m/nofp\libc_nano.a(libc_a-sbrkr.o)
 .data          0x00000000        0x0 CMakeFiles/test.dir/Sources/main.c.obj
 .bss           0x00000000        0x0 CMakeFiles/test.dir/Sources/main.c.obj
 .text          0x00000000      0x204 CMakeFiles/test.dir/Sources/syscalls.c.obj
 .data          0x00000000        0x4 CMakeFiles/test.dir/Sources/syscalls.c.obj
 .bss           0x00000000        0x4 CMakeFiles/test.dir/Sources/syscalls.c.obj
 .debug_info    0x00000000      0x69f CMakeFiles/test.dir/Sources/syscalls.c.obj
 .debug_abbrev  0x00000000      0x1b4 CMakeFiles/test.dir/Sources/syscalls.c.obj
 .debug_aranges
                0x00000000       0x20 CMakeFiles/test.dir/Sources/syscalls.c.obj
 .debug_line    0x00000000      0x230 CMakeFiles/test.dir/Sources/syscalls.c.obj
 .debug_str     0x00000000      0x3dc CMakeFiles/test.dir/Sources/syscalls.c.obj
 .comment       0x00000000       0x46 CMakeFiles/test.dir/Sources/syscalls.c.obj
 .debug_frame   0x00000000      0x2ac CMakeFiles/test.dir/Sources/syscalls.c.obj
 .ARM.attributes
                0x00000000       0x2e CMakeFiles/test.dir/Sources/syscalls.c.obj
 .text          0x00000000       0x6c CMakeFiles/test.dir/Sources/sysmem.c.obj
 .data          0x00000000        0x0 CMakeFiles/test.dir/Sources/sysmem.c.obj
 .bss           0x00000000        0x4 CMakeFiles/test.dir/Sources/sysmem.c.obj
 .debug_info    0x00000000      0x164 CMakeFiles/test.dir/Sources/sysmem.c.obj
 .debug_abbrev  0x00000000       0xba CMakeFiles/test.dir/Sources/sysmem.c.obj
 .debug_aranges
                0x00000000       0x20 CMakeFiles/test.dir/Sources/sysmem.c.obj
 .debug_line    0x00000000      0x168 CMakeFiles/test.dir/Sources/sysmem.c.obj
 .debug_str     0x00000000      0x208 CMakeFiles/test.dir/Sources/sysmem.c.obj
 .comment       0x00000000       0x46 CMakeFiles/test.dir/Sources/sysmem.c.obj
 .debug_frame   0x00000000       0x34 CMakeFiles/test.dir/Sources/sysmem.c.obj
 .ARM.attributes
                0x00000000       0x2e CMakeFiles/test.dir/Sources/sysmem.c.obj
 .text          0x00000000       0x14 CMakeFiles/test.dir/Startup/startup_stm32f446retx.s.obj
 .data          0x00000000        0x0 CMakeFiles/test.dir/Startup/startup_stm32f446retx.s.obj
 .bss           0x00000000        0x0 CMakeFiles/test.dir/Startup/startup_stm32f446retx.s.obj
 .data          0x00000000        0x0 CMakeFiles/test.dir/Drivers/rcc/rcc.c.obj
 .bss           0x00000000        0x0 CMakeFiles/test.dir/Drivers/rcc/rcc.c.obj
 .data          0x00000000        0x0 CMakeFiles/test.dir/Drivers/gpio/gpio.c.obj
 .bss           0x00000000        0x0 CMakeFiles/test.dir/Drivers/gpio/gpio.c.obj
 .data          0x00000000        0x0 CMakeFiles/test.dir/Drivers/tim6_7/tim6_7.c.obj
 .bss           0x00000000        0x0 CMakeFiles/test.dir/Drivers/tim6_7/tim6_7.c.obj
 .text          0x00000000        0x0 D:/STM_CMAKE/arm/bin/../lib/gcc/arm-none-eabi/15.2.1/../../../../arm-none-eabi/lib/thumb/v7e-m/nofp\libg_nano.a(libc_a-errno.o)
 .data          0x00000000        0x0 D:/STM_CMAKE/arm/bin/../lib/gcc/arm-none-eabi/15.2.1/../../../../arm-none-eabi/lib/thumb/v7e-m/nofp\libg_nano.a(libc_a-errno.o)
 .bss           0x00000000        0x0 D:/STM_CMAKE/arm/bin/../lib/gcc/arm-none-eabi/15.2.1/../../../../arm-none-eabi/lib/thumb/v7e-m/nofp\libg_nano.a(libc_a-errno.o)
 .text.__errno  0x00000000        0xc D:/STM_CMAKE/arm/bin/../lib/gcc/arm-none-eabi/15.2.1/../../../../arm-none-eabi/lib/thumb/v7e-m/nofp\libg_nano.a(libc_a-errno.o)
 .debug_frame   0x00000000       0x20 D:/STM_CMAKE/arm/bin/../lib/gcc/arm-none-eabi/15.2.1/../../../../arm-none-eabi/lib/thumb/v7e-m/nofp\libg_nano.a(libc_a-errno.o)
 .ARM.attributes
                0x00000000       0x2e D:/STM_CMAKE/arm/bin/../lib/gcc/arm-none-eabi/15.2.1/../../../../arm-none-eabi/lib/thumb/v7e-m/nofp\libg_nano.a(libc_a-errno.o)
 .text          0x00000000        0x0 D:/STM_CMAKE/arm/bin/../lib/gcc/arm-none-eabi/15.2.1/thumb/v7e-m/nofp/crtend.o
 .data          0x00000000        0x0 D:/STM_CMAKE/arm/bin/../lib/gcc/arm-none-eabi/15.2.1/thumb/v7e-m/nofp/crtend.o
 .bss           0x00000000        0x0 D:/STM_CMAKE/arm/bin/../lib/gcc/arm-none-eabi/15.2.1/thumb/v7e-m/nofp/crtend.o
 .rodata.all_implied_fbits
                0x00000000       0x24 D:/STM_CMAKE/arm/bin/../lib/gcc/arm-none-eabi/15.2.1/thumb/v7e-m/nofp/crtend.o
 .eh_frame      0x00000000        0x4 D:/STM_CMAKE/arm/bin/../lib/gcc/arm-none-eabi/15.2.1/thumb/v7e-m/nofp/crtend.o
 .text          0x00000000        0x0 D:/STM_CMAKE/arm/bin/../lib/gcc/arm-none-eabi/15.2.1/thumb/v7e-m/nofp/crtn.o
 .data          0x00000000        0x0 D:/STM_CMAKE/arm/bin/../lib/gcc/arm-none-eabi/15.2.1/thumb/v7e-m/nofp/crtn.o
 .bss           0x00000000        0x0 D:/STM_CMAKE/arm/bin/../lib/gcc/arm-none-eabi/15.2.1/thumb/v7e-m/nofp/crtn.o

Memory Configuration

Name             Origin             Length             Attributes
RAM              0x20000000         0x00020000         xrw
FLASH            0x08000000         0x00080000         xr
*default*        0x00000000         0xffffffff

Linker script and memory map

LOAD D:/STM_CMAKE/arm/bin/../lib/gcc/arm-none-eabi/15.2.1/thumb/v7e-m/nofp/crti.o
LOAD D:/STM_CMAKE/arm/bin/../lib/gcc/arm-none-eabi/15.2.1/thumb/v7e-m/nofp/crtbegin.o
LOAD D:/STM_CMAKE/arm/bin/../lib/gcc/arm-none-eabi/15.2.1/../../../../arm-none-eabi/lib/thumb/v7e-m/nofp/crt0.o
START GROUP
LOAD D:/STM_CMAKE/arm/bin/../lib/gcc/arm-none-eabi/15.2.1/../../../../arm-none-eabi/lib/thumb/v7e-m/nofp\libc_nano.a
LOAD D:/STM_CMAKE/arm/bin/../lib/gcc/arm-none-eabi/15.2.1/../../../../arm-none-eabi/lib/thumb/v7e-m/nofp\libm.a
END GROUP
LOAD CMakeFiles/test.dir/Sources/main.c.obj
LOAD CMakeFiles/test.dir/Sources/syscalls.c.obj
LOAD CMakeFiles/test.dir/Sources/sysmem.c.obj
LOAD CMakeFiles/test.dir/Startup/startup_stm32f446retx.s.obj
LOAD CMakeFiles/test.dir/Drivers/rcc/rcc.c.obj
LOAD CMakeFiles/test.dir/Drivers/gpio/gpio.c.obj
LOAD CMakeFiles/test.dir/Drivers/tim6_7/tim6_7.c.obj
START GROUP
LOAD D:/STM_CMAKE/arm/bin/../lib/gcc/arm-none-eabi/15.2.1/thumb/v7e-m/nofp\libgcc.a
LOAD D:/STM_CMAKE/arm/bin/../lib/gcc/arm-none-eabi/15.2.1/../../../../arm-none-eabi/lib/thumb/v7e-m/nofp\libg_nano.a
LOAD D:/STM_CMAKE/arm/bin/../lib/gcc/arm-none-eabi/15.2.1/../../../../arm-none-eabi/lib/thumb/v7e-m/nofp\libc_nano.a
END GROUP
START GROUP
LOAD D:/STM_CMAKE/arm/bin/../lib/gcc/arm-none-eabi/15.2.1/thumb/v7e-m/nofp\libgcc.a
LOAD D:/STM_CMAKE/arm/bin/../lib/gcc/arm-none-eabi/15.2.1/../../../../arm-none-eabi/lib/thumb/v7e-m/nofp\libc_nano.a
LOAD D:/STM_CMAKE/arm/bin/../lib/gcc/arm-none-eabi/15.2.1/../../../../arm-none-eabi/lib/thumb/v7e-m/nofp\libnosys.a
END GROUP
START GROUP
LOAD D:/STM_CMAKE/arm/bin/../lib/gcc/arm-none-eabi/15.2.1/thumb/v7e-m/nofp\libgcc.a
LOAD D:/STM_CMAKE/arm/bin/../lib/gcc/arm-none-eabi/15.2.1/../../../../arm-none-eabi/lib/thumb/v7e-m/nofp\libc_nano.a
LOAD D:/STM_CMAKE/arm/bin/../lib/gcc/arm-none-eabi/15.2.1/../../../../arm-none-eabi/lib/thumb/v7e-m/nofp\libnosys.a
END GROUP
LOAD D:/STM_CMAKE/arm/bin/../lib/gcc/arm-none-eabi/15.2.1/thumb/v7e-m/nofp/crtend.o
LOAD D:/STM_CMAKE/arm/bin/../lib/gcc/arm-none-eabi/15.2.1/thumb/v7e-m/nofp/crtn.o
                0x20020000                        _estack = (ORIGIN (RAM) + LENGTH (RAM))
                0x00000200                        _Min_Heap_Size = 0x200
                0x00000400                        _Min_Stack_Size = 0x400

.isr_vector     0x08000000      0x1c4
                0x08000000                        . = ALIGN (0x4)
 *(.isr_vector)
 .isr_vector    0x08000000      0x1c4 CMakeFiles/test.dir/Startup/startup_stm32f446retx.s.obj
                0x08000000                g_pfnVectors
                0x080001c4                        . = ALIGN (0x4)

.text           0x080001c4      0x288
                0x080001c4                        . = ALIGN (0x4)
 *(.text)
 .text          0x080001c4       0x38 CMakeFiles/test.dir/Sources/main.c.obj
                0x080001c4                main
 .text          0x080001fc       0x38 CMakeFiles/test.dir/Drivers/rcc/rcc.c.obj
                0x080001fc                RCC_GPIOA_Enable
                0x08000218                RCC_TIM6_Enable
 .text          0x08000234       0x4c CMakeFiles/test.dir/Drivers/gpio/gpio.c.obj
                0x08000234                GPIO_Init
 .text          0x08000280       0x8c CMakeFiles/test.dir/Drivers/tim6_7/tim6_7.c.obj
                0x08000280                TIM6_Init
                0x080002b8                TIM6_Start
                0x080002d4                TIM6_UpdateFlag
                0x080002f0                TIM6_ClearUpdateFlag
 *(.text*)
 .text.deregister_tm_clones
                0x0800030c       0x1c D:/STM_CMAKE/arm/bin/../lib/gcc/arm-none-eabi/15.2.1/thumb/v7e-m/nofp/crtbegin.o
 .text.register_tm_clones
                0x08000328       0x24 D:/STM_CMAKE/arm/bin/../lib/gcc/arm-none-eabi/15.2.1/thumb/v7e-m/nofp/crtbegin.o
 .text.__do_global_dtors_aux
                0x0800034c       0x28 D:/STM_CMAKE/arm/bin/../lib/gcc/arm-none-eabi/15.2.1/thumb/v7e-m/nofp/crtbegin.o
 .text.frame_dummy
                0x08000374       0x24 D:/STM_CMAKE/arm/bin/../lib/gcc/arm-none-eabi/15.2.1/thumb/v7e-m/nofp/crtbegin.o
 .text.__libc_init_array
                0x08000398       0x48 D:/STM_CMAKE/arm/bin/../lib/gcc/arm-none-eabi/15.2.1/../../../../arm-none-eabi/lib/thumb/v7e-m/nofp\libc_nano.a(libc_a-init.o)
                0x08000398                __libc_init_array
 .text.Reset_Handler
                0x080003e0       0x50 CMakeFiles/test.dir/Startup/startup_stm32f446retx.s.obj
                0x080003e0                Reset_Handler
 .text.Default_Handler
                0x08000430        0x2 CMakeFiles/test.dir/Startup/startup_stm32f446retx.s.obj
                0x08000430                RTC_Alarm_IRQHandler
                0x08000430                EXTI2_IRQHandler
                0x08000430                TIM8_CC_IRQHandler
                0x08000430                SPDIF_Rx_IRQHandler
                0x08000430                DebugMon_Handler
                0x08000430                SPI4_IRQHandler
                0x08000430                TIM1_CC_IRQHandler
                0x08000430                QuadSPI_IRQHandler
                0x08000430                DMA2_Stream5_IRQHandler
                0x08000430                HardFault_Handler
                0x08000430                DMA1_Stream5_IRQHandler
                0x08000430                SysTick_Handler
                0x08000430                PVD_IRQHandler
                0x08000430                SDIO_IRQHandler
                0x08000430                TAMP_STAMP_IRQHandler
                0x08000430                PendSV_Handler
                0x08000430                NMI_Handler
                0x08000430                CAN2_RX1_IRQHandler
                0x08000430                EXTI3_IRQHandler
                0x08000430                TIM8_TRG_COM_TIM14_IRQHandler
                0x08000430                TIM1_UP_TIM10_IRQHandler
                0x08000430                FMPI2C1_error_IRQHandler
                0x08000430                TIM8_UP_TIM13_IRQHandler
                0x08000430                I2C3_ER_IRQHandler
                0x08000430                EXTI0_IRQHandler
                0x08000430                I2C2_EV_IRQHandler
                0x08000430                DMA1_Stream2_IRQHandler
                0x08000430                CAN1_RX0_IRQHandler
                0x08000430                OTG_HS_WKUP_IRQHandler
                0x08000430                UsageFault_Handler
                0x08000430                CAN2_SCE_IRQHandler
                0x08000430                DMA2_Stream2_IRQHandler
                0x08000430                SPI1_IRQHandler
                0x08000430                TIM6_DAC_IRQHandler
                0x08000430                TIM1_BRK_TIM9_IRQHandler
                0x08000430                DCMI_IRQHandler
                0x08000430                CAN2_RX0_IRQHandler
                0x08000430                DMA2_Stream3_IRQHandler
                0x08000430                FMPI2C1_IRQHandler
                0x08000430                SAI2_IRQHandler
                0x08000430                USART6_IRQHandler
                0x08000430                USART3_IRQHandler
                0x08000430                CAN1_RX1_IRQHandler
                0x08000430                UART5_IRQHandler
                0x08000430                DMA2_Stream0_IRQHandler
                0x08000430                TIM4_IRQHandler
                0x08000430                I2C1_EV_IRQHandler
                0x08000430                HDMI_CEC_IRQHandler
                0x08000430                DMA1_Stream6_IRQHandler
                0x08000430                DMA1_Stream1_IRQHandler
                0x08000430                UART4_IRQHandler
                0x08000430                TIM3_IRQHandler
                0x08000430                RCC_IRQHandler
                0x08000430                TIM8_BRK_TIM12_IRQHandler
                0x08000430                Default_Handler
                0x08000430                EXTI15_10_IRQHandler
                0x08000430                ADC_IRQHandler
                0x08000430                DMA1_Stream7_IRQHandler
                0x08000430                TIM7_IRQHandler
                0x08000430                CAN2_TX_IRQHandler
                0x08000430                TIM5_IRQHandler
                0x08000430                DMA2_Stream7_IRQHandler
                0x08000430                I2C3_EV_IRQHandler
                0x08000430                EXTI9_5_IRQHandler
                0x08000430                RTC_WKUP_IRQHandler
                0x08000430                SPI2_IRQHandler
                0x08000430                OTG_HS_EP1_IN_IRQHandler
                0x08000430                MemManage_Handler
                0x08000430                DMA1_Stream0_IRQHandler
                0x08000430                CAN1_TX_IRQHandler
                0x08000430                SVC_Handler
                0x08000430                EXTI4_IRQHandler
                0x08000430                OTG_HS_EP1_OUT_IRQHandler
                0x08000430                WWDG_IRQHandler
                0x08000430                TIM2_IRQHandler
                0x08000430                OTG_FS_WKUP_IRQHandler
                0x08000430                TIM1_TRG_COM_TIM11_IRQHandler
                0x08000430                OTG_HS_IRQHandler
                0x08000430                EXTI1_IRQHandler
                0x08000430                USART2_IRQHandler
                0x08000430                I2C2_ER_IRQHandler
                0x08000430                DMA2_Stream1_IRQHandler
                0x08000430                CAN1_SCE_IRQHandler
                0x08000430                FLASH_IRQHandler
                0x08000430                DMA2_Stream4_IRQHandler
                0x08000430                BusFault_Handler
                0x08000430                USART1_IRQHandler
                0x08000430                OTG_FS_IRQHandler
                0x08000430                SPI3_IRQHandler
                0x08000430                DMA1_Stream4_IRQHandler
                0x08000430                I2C1_ER_IRQHandler
                0x08000430                FMC_IRQHandler
                0x08000430                DMA2_Stream6_IRQHandler
                0x08000430                SAI1_IRQHandler
                0x08000430                DMA1_Stream3_IRQHandler
 *(.glue_7)
 .glue_7        0x08000432        0x0 linker stubs
 *(.glue_7t)
 .glue_7t       0x08000432        0x0 linker stubs
 *(.eh_frame)
 *fill*         0x08000432        0x2 
 .eh_frame      0x08000434        0x0 D:/STM_CMAKE/arm/bin/../lib/gcc/arm-none-eabi/15.2.1/thumb/v7e-m/nofp/crtbegin.o
 *(.init)
 .init          0x08000434        0x4 D:/STM_CMAKE/arm/bin/../lib/gcc/arm-none-eabi/15.2.1/thumb/v7e-m/nofp/crti.o
                0x08000434                _init
 .init          0x08000438        0x8 D:/STM_CMAKE/arm/bin/../lib/gcc/arm-none-eabi/15.2.1/thumb/v7e-m/nofp/crtn.o
 *(.fini)
 .fini          0x08000440        0x4 D:/STM_CMAKE/arm/bin/../lib/gcc/arm-none-eabi/15.2.1/thumb/v7e-m/nofp/crti.o
                0x08000440                _fini
 .fini          0x08000444        0x8 D:/STM_CMAKE/arm/bin/../lib/gcc/arm-none-eabi/15.2.1/thumb/v7e-m/nofp/crtn.o
                0x0800044c                        . = ALIGN (0x4)
                0x0800044c                        _etext = .

.vfp11_veneer   0x0800044c        0x0
 .vfp11_veneer  0x0800044c        0x0 linker stubs

.v4_bx          0x0800044c        0x0
 .v4_bx         0x0800044c        0x0 linker stubs

.iplt           0x0800044c        0x0
 .iplt          0x0800044c        0x0 D:/STM_CMAKE/arm/bin/../lib/gcc/arm-none-eabi/15.2.1/thumb/v7e-m/nofp/crtbegin.o

.rodata         0x0800044c        0x0
                0x0800044c                        . = ALIGN (0x4)
 *(.rodata)
 *(.rodata*)
                0x0800044c                        . = ALIGN (0x4)

.ARM.extab      0x0800044c        0x0
                0x0800044c                        . = ALIGN (0x4)
 *(.ARM.extab* .gnu.linkonce.armextab.*)
                0x0800044c                        . = ALIGN (0x4)

.ARM            0x0800044c        0x0
                0x0800044c                        . = ALIGN (0x4)
                0x0800044c                        __exidx_start = .
 *(.ARM.exidx*)
                0x0800044c                        __exidx_end = .
                0x0800044c                        . = ALIGN (0x4)

.preinit_array  0x0800044c        0x0
                0x0800044c                        . = ALIGN (0x4)
                0x0800044c                        PROVIDE (__preinit_array_start = .)
 *(.preinit_array*)
                0x0800044c                        PROVIDE (__preinit_array_end = .)
                0x0800044c                        . = ALIGN (0x4)

.init_array     0x0800044c        0x4
                0x0800044c                        . = ALIGN (0x4)
                0x0800044c                        PROVIDE (__init_array_start = .)
 *(SORT_BY_NAME(.init_array.*))
 *(.init_array*)
 .init_array    0x0800044c        0x4 D:/STM_CMAKE/arm/bin/../lib/gcc/arm-none-eabi/15.2.1/thumb/v7e-m/nofp/crtbegin.o
                0x08000450                        PROVIDE (__init_array_end = .)
                0x08000450                        . = ALIGN (0x4)

.fini_array     0x08000450        0x4
                0x08000450                        . = ALIGN (0x4)
                [!provide]                        PROVIDE (__fini_array_start = .)
 *(SORT_BY_NAME(.fini_array.*))
 *(.fini_array*)
 .fini_array    0x08000450        0x4 D:/STM_CMAKE/arm/bin/../lib/gcc/arm-none-eabi/15.2.1/thumb/v7e-m/nofp/crtbegin.o
                [!provide]                        PROVIDE (__fini_array_end = .)
                0x08000454                        . = ALIGN (0x4)
                0x08000454                        _sidata = LOADADDR (.data)

.rel.dyn        0x08000454        0x0
 .rel.iplt      0x08000454        0x0 D:/STM_CMAKE/arm/bin/../lib/gcc/arm-none-eabi/15.2.1/thumb/v7e-m/nofp/crtbegin.o

.data           0x20000000        0x0 load address 0x08000454
                0x20000000                        . = ALIGN (0x4)
                0x20000000                        _sdata = .
 *(.data)
 *(.data*)
 *(.RamFunc)
 *(.RamFunc*)
                0x20000000                        . = ALIGN (0x4)
                0x20000000                        _edata = .

.tm_clone_table
                0x20000000        0x0 load address 0x08000454
 .tm_clone_table
                0x20000000        0x0 D:/STM_CMAKE/arm/bin/../lib/gcc/arm-none-eabi/15.2.1/thumb/v7e-m/nofp/crtbegin.o
 .tm_clone_table
                0x20000000        0x0 D:/STM_CMAKE/arm/bin/../lib/gcc/arm-none-eabi/15.2.1/thumb/v7e-m/nofp/crtend.o

.igot.plt       0x20000000        0x0 load address 0x08000454
 .igot.plt      0x20000000        0x0 D:/STM_CMAKE/arm/bin/../lib/gcc/arm-none-eabi/15.2.1/thumb/v7e-m/nofp/crtbegin.o
                0x20000000                        . = ALIGN (0x4)

.bss            0x20000000       0x1c load address 0x08000454
                0x20000000                        _sbss = .
                0x20000000                        __bss_start__ = _sbss
 *(.bss)
 *(.bss*)
 .bss.completed.1
                0x20000000        0x1 D:/STM_CMAKE/arm/bin/../lib/gcc/arm-none-eabi/15.2.1/thumb/v7e-m/nofp/crtbegin.o
 *fill*         0x20000001        0x3 
 .bss.object.0  0x20000004       0x18 D:/STM_CMAKE/arm/bin/../lib/gcc/arm-none-eabi/15.2.1/thumb/v7e-m/nofp/crtbegin.o
 *(COMMON)
                0x2000001c                        . = ALIGN (0x4)
                0x2000001c                        _ebss = .
                0x2000001c                        __bss_end__ = _ebss

._user_heap_stack
                0x2000001c      0x604 load address 0x08000454
                0x20000020                        . = ALIGN (0x8)
 *fill*         0x2000001c        0x4 
                [!provide]                        PROVIDE (end = .)
                0x20000020                        PROVIDE (_end = .)
                0x20000220                        . = (. + _Min_Heap_Size)
 *fill*         0x20000020      0x200 
                0x20000620                        . = (. + _Min_Stack_Size)
 *fill*         0x20000220      0x400 
                0x20000620                        . = ALIGN (0x8)

/DISCARD/
 libc.a(*)
 libm.a(*)
 libgcc.a(*)

.ARM.attributes
                0x00000000       0x2a
 *(.ARM.attributes)
 .ARM.attributes
                0x00000000       0x1e D:/STM_CMAKE/arm/bin/../lib/gcc/arm-none-eabi/15.2.1/thumb/v7e-m/nofp/crti.o
 .ARM.attributes
                0x0000001e       0x2e D:/STM_CMAKE/arm/bin/../lib/gcc/arm-none-eabi/15.2.1/thumb/v7e-m/nofp/crtbegin.o
 .ARM.attributes
                0x0000004c       0x2e D:/STM_CMAKE/arm/bin/../lib/gcc/arm-none-eabi/15.2.1/../../../../arm-none-eabi/lib/thumb/v7e-m/nofp\libc_nano.a(libc_a-init.o)
 .ARM.attributes
                0x0000007a       0x2e CMakeFiles/test.dir/Sources/main.c.obj
 .ARM.attributes
                0x000000a8       0x21 CMakeFiles/test.dir/Startup/startup_stm32f446retx.s.obj
 .ARM.attributes
                0x000000c9       0x2e CMakeFiles/test.dir/Drivers/rcc/rcc.c.obj
 .ARM.attributes
                0x000000f7       0x2e CMakeFiles/test.dir/Drivers/gpio/gpio.c.obj
 .ARM.attributes
                0x00000125       0x2e CMakeFiles/test.dir/Drivers/tim6_7/tim6_7.c.obj
 .ARM.attributes
                0x00000153       0x2e D:/STM_CMAKE/arm/bin/../lib/gcc/arm-none-eabi/15.2.1/thumb/v7e-m/nofp/crtend.o
 .ARM.attributes
                0x00000181       0x1e D:/STM_CMAKE/arm/bin/../lib/gcc/arm-none-eabi/15.2.1/thumb/v7e-m/nofp/crtn.o
OUTPUT(test.elf elf32-littlearm)
LOAD linker stubs
LOAD D:/STM_CMAKE/arm/bin/../lib/gcc/arm-none-eabi/15.2.1/../../../../arm-none-eabi/lib/thumb/v7e-m/nofp\libc.a
LOAD D:/STM_CMAKE/arm/bin/../lib/gcc/arm-none-eabi/15.2.1/../../../../arm-none-eabi/lib/thumb/v7e-m/nofp\libm.a
LOAD D:/STM_CMAKE/arm/bin/../lib/gcc/arm-none-eabi/15.2.1/thumb/v7e-m/nofp\libgcc.a

.debug_frame    0x00000000      0x168
 .debug_frame   0x00000000       0x2c D:/STM_CMAKE/arm/bin/../lib/gcc/arm-none-eabi/15.2.1/../../../../arm-none-eabi/lib/thumb/v7e-m/nofp\libc_nano.a(libc_a-init.o)
 .debug_frame   0x0000002c       0x2c CMakeFiles/test.dir/Sources/main.c.obj
 .debug_frame   0x00000058       0x50 CMakeFiles/test.dir/Drivers/rcc/rcc.c.obj
 .debug_frame   0x000000a8       0x30 CMakeFiles/test.dir/Drivers/gpio/gpio.c.obj
 .debug_frame   0x000000d8       0x90 CMakeFiles/test.dir/Drivers/tim6_7/tim6_7.c.obj

.debug_info     0x00000000      0x74f
 .debug_info    0x00000000      0x187 CMakeFiles/test.dir/Sources/main.c.obj
 .debug_info    0x00000187       0x30 CMakeFiles/test.dir/Startup/startup_stm32f446retx.s.obj
 .debug_info    0x000001b7      0x269 CMakeFiles/test.dir/Drivers/rcc/rcc.c.obj
 .debug_info    0x00000420      0x135 CMakeFiles/test.dir/Drivers/gpio/gpio.c.obj
 .debug_info    0x00000555      0x1fa CMakeFiles/test.dir/Drivers/tim6_7/tim6_7.c.obj

.debug_abbrev   0x00000000      0x318
 .debug_abbrev  0x00000000       0xda CMakeFiles/test.dir/Sources/main.c.obj
 .debug_abbrev  0x000000da       0x24 CMakeFiles/test.dir/Startup/startup_stm32f446retx.s.obj
 .debug_abbrev  0x000000fe       0xb1 CMakeFiles/test.dir/Drivers/rcc/rcc.c.obj
 .debug_abbrev  0x000001af       0xaf CMakeFiles/test.dir/Drivers/gpio/gpio.c.obj
 .debug_abbrev  0x0000025e       0xba CMakeFiles/test.dir/Drivers/tim6_7/tim6_7.c.obj

.debug_aranges  0x00000000       0xa8
 .debug_aranges
                0x00000000       0x20 CMakeFiles/test.dir/Sources/main.c.obj
 .debug_aranges
                0x00000020       0x28 CMakeFiles/test.dir/Startup/startup_stm32f446retx.s.obj
 .debug_aranges
                0x00000048       0x20 CMakeFiles/test.dir/Drivers/rcc/rcc.c.obj
 .debug_aranges
                0x00000068       0x20 CMakeFiles/test.dir/Drivers/gpio/gpio.c.obj
 .debug_aranges
                0x00000088       0x20 CMakeFiles/test.dir/Drivers/tim6_7/tim6_7.c.obj

.debug_line     0x00000000      0x6f1
 .debug_line    0x00000000      0x22c CMakeFiles/test.dir/Sources/main.c.obj
 .debug_line    0x0000022c       0x7b CMakeFiles/test.dir/Startup/startup_stm32f446retx.s.obj
 .debug_line    0x000002a7      0x15a CMakeFiles/test.dir/Drivers/rcc/rcc.c.obj
 .debug_line    0x00000401      0x16a CMakeFiles/test.dir/Drivers/gpio/gpio.c.obj
 .debug_line    0x0000056b      0x186 CMakeFiles/test.dir/Drivers/tim6_7/tim6_7.c.obj

.debug_str      0x00000000      0x46a
 .debug_str     0x00000000      0x46a CMakeFiles/test.dir/Sources/main.c.obj
                                0x224 (size before relaxing)
 .debug_str     0x0000046a        0x0 CMakeFiles/test.dir/Startup/startup_stm32f446retx.s.obj
                                 0x9a (size before relaxing)
 .debug_str     0x0000046a        0x0 CMakeFiles/test.dir/Drivers/rcc/rcc.c.obj
                                0x2bb (size before relaxing)
 .debug_str     0x0000046a        0x0 CMakeFiles/test.dir/Drivers/gpio/gpio.c.obj
                                0x1b7 (size before relaxing)
 .debug_str     0x0000046a        0x0 CMakeFiles/test.dir/Drivers/tim6_7/tim6_7.c.obj
                                0x210 (size before relaxing)

.comment        0x00000000       0x45
 .comment       0x00000000       0x45 CMakeFiles/test.dir/Sources/main.c.obj
                                 0x46 (size before relaxing)
 .comment       0x00000045        0x0 CMakeFiles/test.dir/Drivers/rcc/rcc.c.obj
                                 0x46 (size before relaxing)
 .comment       0x00000045        0x0 CMakeFiles/test.dir/Drivers/gpio/gpio.c.obj
                                 0x46 (size before relaxing)
 .comment       0x00000045        0x0 CMakeFiles/test.dir/Drivers/tim6_7/tim6_7.c.obj
                                 0x46 (size before relaxing)

.debug_line_str
                0x00000000       0x7e
 .debug_line_str
                0x00000000       0x7e CMakeFiles/test.dir/Startup/startup_stm32f446retx.s.obj

.debug_rnglists
                0x00000000       0x19
 .debug_rnglists
                0x00000000       0x19 CMakeFiles/test.dir/Startup/startup_stm32f446retx.s.obj
